<?xml version="1.0" encoding="UTF-8"?>
<!-- This is not a valid TRX file - it was manually edited to contain the Counters for testing purposes and the test removed. -->
<TestRun id="4c5f21f9-7a8e-4970-9892-b9074ba47140" name="THEUSER@THEMACHINE 2014-05-28 21:42:01" runUser="THEDOMAIN\THEUSER" xmlns="http://microsoft.com/schemas/VisualStudio/TeamTest/2010">
  <TestSettings name="Default Test Settings" id="f750535d-aa63-48ac-8ee9-7bfa8a809f30">
    <Execution>
      <TestTypeSpecific />
      <AgentRule name="Execution Agents">
      </AgentRule>
    </Execution>
    <Deployment runDeploymentRoot="THEUSER_THEMACHINE 2014-05-28 21_42_01" />
  </TestSettings>
  <Times creation="2014-05-28T21:42:01.5343805-07:00" queuing="2014-05-28T21:42:02.1924182-07:00" start="2014-05-28T21:42:02.3224256-07:00" finish="2014-05-28T21:42:02.9434611-07:00" />
  <ResultSummary outcome="Completed">
    <Counters total="0" executed="0" passed="0" error="0" failed="0" timeout="0" aborted="0" inconclusive="0" passedButRunAborted="0" notRunnable="0" notExecuted="0" disconnected="0" warning="0" completed="0" inProgress="0" pending="0" />
  </ResultSummary>
  <TestDefinitions>
  </TestDefinitions>
  <TestLists>
    <TestList name="Results Not in a List" id="8c84fa94-04c1-424b-9868-57a2d4851a1d" />
    <TestList name="All Loaded Results" id="19431567-8539-422a-85d7-44ee4e166bda" />
  </TestLists>
  <TestEntries>
    <TestEntry testId="bb99404f-dca9-bd18-ef8c-79f3920eb938" executionId="78f8285b-2e8e-4c51-b3f2-b42eae5a6064" testListId="8c84fa94-04c1-424b-9868-57a2d4851a1d" />
  </TestEntries>
  <Results>
  </Results>
</TestRun>